<html>
<body>
<pre>
<h1>µVision Build Log</h1>
<h2>Tool Versions:</h2>
IDE-Version: ¦ÌVision V5.28.0.0
Copyright (C) 2019 ARM Ltd and ARM Germany GmbH. All rights reserved.
License Information: Wang nbperso, HP Inc., LIC=9N0WF-6Q4YH-BVJ1G-VEL37-KRD79-00XGD
 
Tool Versions:
Toolchain:       MDK-ARM Professional  Version: 5.28.0.0
Toolchain Path:  C:\Tools\MDK_ARM\ARM\ARMCC\Bin
C Compiler:      Armcc.exe V5.06 update 6 (build 750)
Assembler:       Armasm.exe V5.06 update 6 (build 750)
Linker/Locator:  ArmLink.exe V5.06 update 6 (build 750)
Library Manager: ArmAr.exe V5.06 update 6 (build 750)
Hex Converter:   FromElf.exe V5.06 update 6 (build 750)
CPU DLL:         SARMCM3.DLL V5.28.0.0
Dialog DLL:      DCM.DLL V1.17.3.0
Target DLL:      STLink\ST-LINKIII-KEIL_SWO.dll V3.0.6.0
Dialog DLL:      TCM.DLL V1.36.2.0
 
<h2>Project:</h2>
C:\Users\nbperson\Desktop\Mecanum\MDK-ARM\Mecanum.uvprojx
Project File Date:  10/27/2019

<h2>Output:</h2>
*** Using Compiler 'V5.06 update 6 (build 750)', folder: 'C:\Tools\MDK_ARM\ARM\ARMCC\Bin'
Build target 'Mecanum'
compiling main.c...
../Inc/pid.h(35): warning:  #1-D: last line of file ends without a newline
  #endif
../Inc/mpu6050.h(77): warning:  #1295-D: Deprecated declaration Comp_filter - give arg types
  float Comp_filter();
../Inc/mpu6050.h(79): warning:  #1-D: last line of file ends without a newline
  #endif
../Inc/control.h(18): warning:  #1295-D: Deprecated declaration Motor_Init - give arg types
  void Motor_Init();
../Inc/control.h(23): warning:  #1-D: last line of file ends without a newline
  #endif
../Src/main.c(171): warning:  #167-D: argument of type "char *" is incompatible with parameter of type "const unsigned char *"
  		lcd7735_putstr(0,0,LF_str,WHITE,BLACK);
../Src/main.c(174): warning:  #167-D: argument of type "char *" is incompatible with parameter of type "const unsigned char *"
  		lcd7735_putstr(12,0,LB_str,WHITE,BLACK);
../Src/main.c(177): warning:  #167-D: argument of type "char *" is incompatible with parameter of type "const unsigned char *"
  		lcd7735_putstr(24,0,RF_str,WHITE,BLACK);
../Src/main.c(180): warning:  #167-D: argument of type "char *" is incompatible with parameter of type "const unsigned char *"
  		lcd7735_putstr(36,0,RB_str,WHITE,BLACK);
../Src/main.c(183): warning:  #167-D: argument of type "char *" is incompatible with parameter of type "const unsigned char *"
  		lcd7735_putstr(48,0,LF_str,WHITE,BLACK);
../Src/main.c(186): warning:  #167-D: argument of type "char *" is incompatible with parameter of type "const unsigned char *"
  		lcd7735_putstr(60,0,LB_str,WHITE,BLACK);
../Src/main.c(189): warning:  #167-D: argument of type "char *" is incompatible with parameter of type "const unsigned char *"
  		lcd7735_putstr(72,0,RF_str,WHITE,BLACK);
../Src/main.c(192): warning:  #167-D: argument of type "char *" is incompatible with parameter of type "const unsigned char *"
  		lcd7735_putstr(84,0,RB_str,WHITE,BLACK);
../Src/main.c: 13 warnings, 0 errors
linking...
Program Size: Code=15800 RO-data=8376 RW-data=72 ZI-data=2072  
FromELF: creating hex file...
"Mecanum\Mecanum.axf" - 0 Error(s), 13 Warning(s).

<h2>Software Packages used:</h2>

Package Vendor: ARM
                http://www.keil.com/pack/ARM.CMSIS.5.5.1.pack
                ARM.CMSIS.5.5.1
                CMSIS (Cortex Microcontroller Software Interface Standard)
   * Component: CORE Version: 5.2.0

Package Vendor: Keil
                http://www.keil.com/pack/Keil.STM32F1xx_DFP.2.3.0.pack
                Keil.STM32F1xx_DFP.2.3.0
                STMicroelectronics STM32F1 Series Device Support, Drivers and Examples

<h2>Collection of Component include folders:</h2>
  .\RTE\_Mecanum
  C:\Users\nbperson\AppData\Local\Arm\Packs\ARM\CMSIS\5.5.1\CMSIS\Core\Include
  C:\Users\nbperson\AppData\Local\Arm\Packs\Keil\STM32F1xx_DFP\2.3.0\Device\Include

<h2>Collection of Component Files used:</h2>

   * Component: ARM::CMSIS:CORE:5.2.0
Build Time Elapsed:  00:00:02
</pre>
</body>
</html>
